[    2573ms] [ERROR] Failed to load resource: the server responded with a status of 404 () @ https://external-content.duckduckgo.com/ip3/superdesign.dev.ico:0
[    2948ms] [ERROR] Failed to load resource: the server responded with a status of 404 () @ https://external-content.duckduckgo.com/ip3/tfmkit.com.ico:0
[    3346ms] [ERROR] Failed to load resource: the server responded with a status of 404 () @ https://external-content.duckduckgo.com/ip3/mixaro.space.ico:0
[    3350ms] [ERROR] Failed to load resource: the server responded with a status of 404 () @ https://external-content.duckduckgo.com/ip3/claymorphism-generator.tools.jagodana.com.ico:0
[    4896ms] [ERROR] Failed to load resource: the server responded with a status of 404 () @ https://external-content.duckduckgo.com/ip3/stories.softbaba.com.ico:0
[   23738ms] [ERROR] Failed to load resource: the server responded with a status of 404 () @ https://external-content.duckduckgo.com/ip3/salivity.github.io.ico:0
[   23811ms] [ERROR] Failed to load resource: the server responded with a status of 404 () @ https://external-content.duckduckgo.com/ip3/www.tutorialspoint.com.ico:0
[   23822ms] [ERROR] Failed to load resource: the server responded with a status of 404 () @ https://external-content.duckduckgo.com/ip3/velog.io.ico:0
[   25249ms] [ERROR] Failed to load resource: the server responded with a status of 404 () @ https://external-content.duckduckgo.com/ip3/codesandbox.io.ico:0
[   25849ms] [ERROR] Failed to load resource: the server responded with a status of 404 () @ https://external-content.duckduckgo.com/ip3/onion2k.github.io.ico:0
[   26879ms] [ERROR] Failed to load resource: the server responded with a status of 404 () @ https://external-content.duckduckgo.com/ip3/www.hontran.dev.ico:0
[   28460ms] [ERROR] Failed to load resource: the server responded with a status of 404 () @ https://external-content.duckduckgo.com/ip3/salivity.github.io.ico:0
[   28541ms] [ERROR] Failed to load resource: the server responded with a status of 404 () @ https://external-content.duckduckgo.com/ip3/archive.threejs.org.ico:0
[   30516ms] [ERROR] Failed to load resource: the server responded with a status of 404 () @ https://external-content.duckduckgo.com/ip3/spite.github.io.ico:0
[   30955ms] [ERROR] Failed to load resource: the server responded with a status of 404 () @ https://external-content.duckduckgo.com/ip3/sjpt.github.io.ico:0
[   31528ms] [ERROR] Failed to load resource: the server responded with a status of 404 () @ https://external-content.duckduckgo.com/ip3/threesided.com.ico:0
[   57826ms] [ERROR] Failed to load resource: the server responded with a status of 404 () @ https://external-content.duckduckgo.com/ip3/www.istockphoto.com.ico:0
[   59565ms] [ERROR] Failed to load resource: the server responded with a status of 404 () @ https://external-content.duckduckgo.com/ip3/www.hontran.dev.ico:0
[   96091ms] [ERROR] Failed to load resource: the server responded with a status of 404 () @ https://external-content.duckduckgo.com/ip3/jackrugile.github.io.ico:0
[   99396ms] [ERROR] Failed to load resource: the server responded with a status of 404 () @ https://external-content.duckduckgo.com/ip3/salivity.github.io.ico:0
[   99841ms] [ERROR] Failed to load resource: the server responded with a status of 404 () @ https://external-content.duckduckgo.com/ip3/www.iwantcoding.com.ico:0
[  124830ms] [ERROR] Failed to load resource: the server responded with a status of 404 () @ https://drei.docs.pmnd.rs/staging/rounded-box:0
[  127154ms] [ERROR] Failed to load resource: the server responded with a status of 404 () @ https://drei.docs.pmnd.rs/staging/soft-shadows:0
[  134248ms] [WARNING] The resource https://drei.docs.pmnd.rs/_next/static/media/inter_latin_400_normal-s.p.2qdljeg3s-lsl.woff2 was preloaded using link preload but not used within a few seconds from the window's load event. Please make sure it has an appropriate `as` value and it is preloaded intentionally. @ https://drei.docs.pmnd.rs/staging/accumulative-shadows:0
[  134248ms] [WARNING] The resource https://drei.docs.pmnd.rs/_next/static/media/inter_latin_700_normal-s.p.4421omqeymgmp.woff2 was preloaded using link preload but not used within a few seconds from the window's load event. Please make sure it has an appropriate `as` value and it is preloaded intentionally. @ https://drei.docs.pmnd.rs/staging/accumulative-shadows:0
[  134248ms] [WARNING] The resource https://drei.docs.pmnd.rs/_next/static/media/inter_latin_500_normal-s.p.1d14jwmkqqa0f.woff2 was preloaded using link preload but not used within a few seconds from the window's load event. Please make sure it has an appropriate `as` value and it is preloaded intentionally. @ https://drei.docs.pmnd.rs/staging/accumulative-shadows:0
[  134248ms] [WARNING] The resource https://drei.docs.pmnd.rs/_next/static/media/inconsolata_latin_700_normal-s.p.1mtmo4aeiqfj_.woff2 was preloaded using link preload but not used within a few seconds from the window's load event. Please make sure it has an appropriate `as` value and it is preloaded intentionally. @ https://drei.docs.pmnd.rs/staging/accumulative-shadows:0
[  134248ms] [WARNING] The resource https://drei.docs.pmnd.rs/_next/static/media/inconsolata_latin_400_normal-s.p.0lc0s3pnjkj3y.woff2 was preloaded using link preload but not used within a few seconds from the window's load event. Please make sure it has an appropriate `as` value and it is preloaded intentionally. @ https://drei.docs.pmnd.rs/staging/accumulative-shadows:0
[  134249ms] [WARNING] The resource https://drei.docs.pmnd.rs/_next/static/media/inconsolata_latin_600_normal-s.p.35hujflxoeho2.woff2 was preloaded using link preload but not used within a few seconds from the window's load event. Please make sure it has an appropriate `as` value and it is preloaded intentionally. @ https://drei.docs.pmnd.rs/staging/accumulative-shadows:0
[  134249ms] [WARNING] The resource https://drei.docs.pmnd.rs/_next/static/media/inter_latin_600_normal-s.p.2dov6rjg62vru.woff2 was preloaded using link preload but not used within a few seconds from the window's load event. Please make sure it has an appropriate `as` value and it is preloaded intentionally. @ https://drei.docs.pmnd.rs/staging/accumulative-shadows:0
[  141165ms] [LOG] CheesyCanvas: use ?saycheese in the URL to stop the animation @ https://pmndrs.github.io/examples/ground-reflections-and-video-textures/assets/index-DmislLdI.js:4247
[  141232ms] [WARNING] THREE.Clock: This module has been deprecated. Please use THREE.Timer instead. @ https://pmndrs.github.io/examples/ground-reflections-and-video-textures/assets/index-DmislLdI.js:0
[  181299ms] [ERROR] Failed to load resource: the server responded with a status of 404 () @ https://external-content.duckduckgo.com/ip3/dev.bondcompanies.com.ico:0
[  181300ms] [ERROR] Failed to load resource: the server responded with a status of 404 () @ https://external-content.duckduckgo.com/ip3/intranet.dwebsite.com.ico:0
[  184685ms] [ERROR] Failed to load resource: the server responded with a status of 404 () @ https://external-content.duckduckgo.com/ip3/salivity.github.io.ico:0
[  185296ms] [ERROR] Failed to load resource: the server responded with a status of 404 () @ https://external-content.duckduckgo.com/ip3/giladdarshan.github.io.ico:0
[  186192ms] [ERROR] Failed to load resource: the server responded with a status of 404 () @ https://external-content.duckduckgo.com/ip3/salivity.github.io.ico:0
[  186947ms] [ERROR] Failed to load resource: the server responded with a status of 404 () @ https://external-content.duckduckgo.com/ip3/takumi0125.github.io.ico:0
[  194249ms] [WARNING] The resource https://duckduckgo.com/dist/wpm.images-ia.e69841f4260922d22dd3.js was preloaded using link preload but not used within a few seconds from the window's load event. Please make sure it has an appropriate `as` value and it is preloaded intentionally. @ https://duckduckgo.com/?q=why+procedural+3D+spheres+look+like+blobs+tips+exaggerate+proportions+add+detail&ia=web:0
[  194249ms] [WARNING] The resource https://duckduckgo.com/dist/wpm.images-ia.bd403558de5096386b16.css was preloaded using link preload but not used within a few seconds from the window's load event. Please make sure it has an appropriate `as` value and it is preloaded intentionally. @ https://duckduckgo.com/?q=why+procedural+3D+spheres+look+like+blobs+tips+exaggerate+proportions+add+detail&ia=web:0
[  198827ms] [WARNING] The resource https://duckduckgo.com/dist/wpm.images-ia.e69841f4260922d22dd3.js was preloaded using link preload but not used within a few seconds from the window's load event. Please make sure it has an appropriate `as` value and it is preloaded intentionally. @ https://duckduckgo.com/?q=why+procedural+3D+spheres+look+like+blobs+tips+exaggerate+proportions+add+detail&ia=web:0
[  198827ms] [WARNING] The resource https://duckduckgo.com/dist/wpm.images-ia.bd403558de5096386b16.css was preloaded using link preload but not used within a few seconds from the window's load event. Please make sure it has an appropriate `as` value and it is preloaded intentionally. @ https://duckduckgo.com/?q=why+procedural+3D+spheres+look+like+blobs+tips+exaggerate+proportions+add+detail&ia=web:0
[  228228ms] [ERROR] Failed to load resource: the server responded with a status of 404 () @ https://external-content.duckduckgo.com/ip3/sleepsolutionshq.com.ico:0
[  228661ms] [ERROR] Failed to load resource: the server responded with a status of 404 () @ https://external-content.duckduckgo.com/ip3/www.smartmattressbuy.com.ico:0
[  230064ms] [ERROR] Failed to load resource: the server responded with a status of 404 () @ https://external-content.duckduckgo.com/ip3/salivity.github.io.ico:0
[  230420ms] [ERROR] Failed to load resource: the server responded with a status of 404 () @ https://external-content.duckduckgo.com/ip3/neuralpixelgames.github.io.ico:0
[  230638ms] [ERROR] Failed to load resource: the server responded with a status of 404 () @ https://external-content.duckduckgo.com/ip3/www.mysimulator.uk.ico:0
[  260054ms] [ERROR] Failed to load resource: the server responded with a status of 404 (Not Found) @ https://www.awwwards.com/search/?q=sleep:0
[  262928ms] [WARNING] VIDEOJS: WARN: A plugin named "qualityLevels" already exists. You may want to avoid re-registering plugins! @ https://assets.awwwards.com/dist/js/7384.aa4162b5.js:1
[  267457ms] [ERROR] Failed to load resource: the server responded with a status of 404 (Not Found) @ https://www.awwwards.com/search/?q=dream:0
[  267817ms] [WARNING] VIDEOJS: WARN: A plugin named "qualityLevels" already exists. You may want to avoid re-registering plugins! @ https://assets.awwwards.com/dist/js/7384.aa4162b5.js:1
[  273620ms] [ERROR] Loading the script 'https://static.cloudflareinsights.com/beacon.min.js/v4bc70e2c01a94c73b74392e4234840661791215815920' violates the following Content Security Policy directive: "script-src 'self' 'unsafe-inline' https://challenges.cloudflare.com https://umami.mesh3d.gallery". Note that 'script-src-elem' was not explicitly set, so 'script-src' is used as a fallback. The action has been blocked. @ https://mesh3d.gallery/:0
[  288214ms] [ERROR] Loading the script 'https://static.cloudflareinsights.com/beacon.min.js/v4bc70e2c01a94c73b74392e4234840661791215815920' violates the following Content Security Policy directive: "script-src 'self' 'unsafe-inline' https://challenges.cloudflare.com https://umami.mesh3d.gallery". Note that 'script-src-elem' was not explicitly set, so 'script-src' is used as a fallback. The action has been blocked. @ https://mesh3d.gallery/websites:0
[  289212ms] [WARNING] [Cloudflare Turnstile] Ignored message from unexpected source for event: requestExtraParams. @ https://mesh3d.gallery/_next/static/chunks/2y4lkta0t5md9.js?dpl=a23a31d148a70b047df5179a92d6c0a57b567a47:5
[  289244ms] [WARNING] Failed to execute 'postMessage' on 'DOMWindow': The target origin provided ('https://challenges.cloudflare.com') does not match the recipient window's origin ('https://mesh3d.gallery'). @ https://challenges.cloudflare.com/turnstile/v0/api.js?render=explicit:1
[  293487ms] [ERROR] Loading the script 'https://static.cloudflareinsights.com/beacon.min.js/v4bc70e2c01a94c73b74392e4234840661791215815920' violates the following Content Security Policy directive: "script-src 'self' 'unsafe-inline' https://challenges.cloudflare.com https://umami.mesh3d.gallery". Note that 'script-src-elem' was not explicitly set, so 'script-src' is used as a fallback. The action has been blocked. @ https://mesh3d.gallery/websites?page=2:0
[  294451ms] [WARNING] [Cloudflare Turnstile] Ignored message from unexpected source for event: requestExtraParams. @ https://mesh3d.gallery/_next/static/chunks/2y4lkta0t5md9.js?dpl=a23a31d148a70b047df5179a92d6c0a57b567a47:5
[  294478ms] [WARNING] Failed to execute 'postMessage' on 'DOMWindow': The target origin provided ('https://challenges.cloudflare.com') does not match the recipient window's origin ('https://mesh3d.gallery'). @ https://challenges.cloudflare.com/turnstile/v0/api.js?render=explicit:1
[  299070ms] [ERROR] Loading the script 'https://static.cloudflareinsights.com/beacon.min.js/v4bc70e2c01a94c73b74392e4234840661791215815920' violates the following Content Security Policy directive: "script-src 'self' 'unsafe-inline' https://challenges.cloudflare.com https://umami.mesh3d.gallery". Note that 'script-src-elem' was not explicitly set, so 'script-src' is used as a fallback. The action has been blocked. @ https://mesh3d.gallery/websites?page=3:0
[  299794ms] [WARNING] [Cloudflare Turnstile] Ignored message from unexpected source for event: requestExtraParams. @ https://mesh3d.gallery/_next/static/chunks/2y4lkta0t5md9.js?dpl=a23a31d148a70b047df5179a92d6c0a57b567a47:5
[  299816ms] [WARNING] Failed to execute 'postMessage' on 'DOMWindow': The target origin provided ('https://challenges.cloudflare.com') does not match the recipient window's origin ('https://mesh3d.gallery'). @ https://challenges.cloudflare.com/turnstile/v0/api.js?render=explicit:1
[  304530ms] [ERROR] Loading the script 'https://static.cloudflareinsights.com/beacon.min.js/v4bc70e2c01a94c73b74392e4234840661791215815920' violates the following Content Security Policy directive: "script-src 'self' 'unsafe-inline' https://challenges.cloudflare.com https://umami.mesh3d.gallery". Note that 'script-src-elem' was not explicitly set, so 'script-src' is used as a fallback. The action has been blocked. @ https://mesh3d.gallery/websites?page=4:0
[  305143ms] [WARNING] [Cloudflare Turnstile] Ignored message from unexpected source for event: requestExtraParams. @ https://mesh3d.gallery/_next/static/chunks/2y4lkta0t5md9.js?dpl=a23a31d148a70b047df5179a92d6c0a57b567a47:5
[  305155ms] [WARNING] Failed to execute 'postMessage' on 'DOMWindow': The target origin provided ('https://challenges.cloudflare.com') does not match the recipient window's origin ('https://mesh3d.gallery'). @ https://challenges.cloudflare.com/turnstile/v0/api.js?render=explicit:1
[  309838ms] [ERROR] Loading the script 'https://static.cloudflareinsights.com/beacon.min.js/v4bc70e2c01a94c73b74392e4234840661791215815920' violates the following Content Security Policy directive: "script-src 'self' 'unsafe-inline' https://challenges.cloudflare.com https://umami.mesh3d.gallery". Note that 'script-src-elem' was not explicitly set, so 'script-src' is used as a fallback. The action has been blocked. @ https://mesh3d.gallery/websites?page=5:0
[  310632ms] [WARNING] [Cloudflare Turnstile] Ignored message from unexpected source for event: requestExtraParams. @ https://mesh3d.gallery/_next/static/chunks/2y4lkta0t5md9.js?dpl=a23a31d148a70b047df5179a92d6c0a57b567a47:5
[  310633ms] [WARNING] Failed to execute 'postMessage' on 'DOMWindow': The target origin provided ('https://challenges.cloudflare.com') does not match the recipient window's origin ('https://mesh3d.gallery'). @ https://challenges.cloudflare.com/turnstile/v0/api.js?render=explicit:1
[  315273ms] [ERROR] Loading the script 'https://static.cloudflareinsights.com/beacon.min.js/v4bc70e2c01a94c73b74392e4234840661791215815920' violates the following Content Security Policy directive: "script-src 'self' 'unsafe-inline' https://challenges.cloudflare.com https://umami.mesh3d.gallery". Note that 'script-src-elem' was not explicitly set, so 'script-src' is used as a fallback. The action has been blocked. @ https://mesh3d.gallery/websites?page=6:0
[  316187ms] [WARNING] [Cloudflare Turnstile] Ignored message from unexpected source for event: requestExtraParams. @ https://mesh3d.gallery/_next/static/chunks/2y4lkta0t5md9.js?dpl=a23a31d148a70b047df5179a92d6c0a57b567a47:5
[  316203ms] [WARNING] Failed to execute 'postMessage' on 'DOMWindow': The target origin provided ('https://challenges.cloudflare.com') does not match the recipient window's origin ('https://mesh3d.gallery'). @ https://challenges.cloudflare.com/turnstile/v0/api.js?render=explicit:1
[  320807ms] [ERROR] Loading the script 'https://static.cloudflareinsights.com/beacon.min.js/v4bc70e2c01a94c73b74392e4234840661791215815920' violates the following Content Security Policy directive: "script-src 'self' 'unsafe-inline' https://challenges.cloudflare.com https://umami.mesh3d.gallery". Note that 'script-src-elem' was not explicitly set, so 'script-src' is used as a fallback. The action has been blocked. @ https://mesh3d.gallery/websites?page=7:0
[  321405ms] [WARNING] [Cloudflare Turnstile] Ignored message from unexpected source for event: requestExtraParams. @ https://mesh3d.gallery/_next/static/chunks/2y4lkta0t5md9.js?dpl=a23a31d148a70b047df5179a92d6c0a57b567a47:5
[  321422ms] [WARNING] Failed to execute 'postMessage' on 'DOMWindow': The target origin provided ('https://challenges.cloudflare.com') does not match the recipient window's origin ('https://mesh3d.gallery'). @ https://challenges.cloudflare.com/turnstile/v0/api.js?render=explicit:1
[  323483ms] [ERROR] Loading the script 'https://static.cloudflareinsights.com/beacon.min.js/v4bc70e2c01a94c73b74392e4234840661791215815920' violates the following Content Security Policy directive: "script-src 'self' 'unsafe-inline' https://challenges.cloudflare.com https://umami.mesh3d.gallery". Note that 'script-src-elem' was not explicitly set, so 'script-src' is used as a fallback. The action has been blocked. @ https://mesh3d.gallery/websites:0
[  324164ms] [WARNING] [Cloudflare Turnstile] Ignored message from unexpected source for event: requestExtraParams. @ https://mesh3d.gallery/_next/static/chunks/2y4lkta0t5md9.js?dpl=a23a31d148a70b047df5179a92d6c0a57b567a47:5
[  324222ms] [WARNING] Failed to execute 'postMessage' on 'DOMWindow': The target origin provided ('https://challenges.cloudflare.com') does not match the recipient window's origin ('https://mesh3d.gallery'). @ https://challenges.cloudflare.com/turnstile/v0/api.js?render=explicit:1
[  326165ms] [ERROR] Loading the script 'https://static.cloudflareinsights.com/beacon.min.js/v4bc70e2c01a94c73b74392e4234840661791215815920' violates the following Content Security Policy directive: "script-src 'self' 'unsafe-inline' https://challenges.cloudflare.com https://umami.mesh3d.gallery". Note that 'script-src-elem' was not explicitly set, so 'script-src' is used as a fallback. The action has been blocked. @ https://mesh3d.gallery/websites?page=8:0
[  326780ms] [WARNING] [Cloudflare Turnstile] Ignored message from unexpected source for event: requestExtraParams. @ https://mesh3d.gallery/_next/static/chunks/2y4lkta0t5md9.js?dpl=a23a31d148a70b047df5179a92d6c0a57b567a47:5
[  326796ms] [WARNING] Failed to execute 'postMessage' on 'DOMWindow': The target origin provided ('https://challenges.cloudflare.com') does not match the recipient window's origin ('https://mesh3d.gallery'). @ https://challenges.cloudflare.com/turnstile/v0/api.js?render=explicit:1
[  337788ms] [ERROR] Loading the script 'https://static.cloudflareinsights.com/beacon.min.js/v4bc70e2c01a94c73b74392e4234840661791215815920' violates the following Content Security Policy directive: "script-src 'self' 'unsafe-inline' https://challenges.cloudflare.com https://umami.mesh3d.gallery". Note that 'script-src-elem' was not explicitly set, so 'script-src' is used as a fallback. The action has been blocked. @ https://mesh3d.gallery/websites?page=1:0
[  338404ms] [WARNING] [Cloudflare Turnstile] Ignored message from unexpected source for event: requestExtraParams. @ https://mesh3d.gallery/_next/static/chunks/2y4lkta0t5md9.js?dpl=a23a31d148a70b047df5179a92d6c0a57b567a47:5
[  338415ms] [WARNING] Failed to execute 'postMessage' on 'DOMWindow': The target origin provided ('https://challenges.cloudflare.com') does not match the recipient window's origin ('https://mesh3d.gallery'). @ https://challenges.cloudflare.com/turnstile/v0/api.js?render=explicit:1
[  340608ms] [ERROR] Loading the script 'https://static.cloudflareinsights.com/beacon.min.js/v4bc70e2c01a94c73b74392e4234840661791215815920' violates the following Content Security Policy directive: "script-src 'self' 'unsafe-inline' https://challenges.cloudflare.com https://umami.mesh3d.gallery". Note that 'script-src-elem' was not explicitly set, so 'script-src' is used as a fallback. The action has been blocked. @ https://mesh3d.gallery/websites?page=2:0
[  341239ms] [WARNING] [Cloudflare Turnstile] Ignored message from unexpected source for event: requestExtraParams. @ https://mesh3d.gallery/_next/static/chunks/2y4lkta0t5md9.js?dpl=a23a31d148a70b047df5179a92d6c0a57b567a47:5
[  341260ms] [WARNING] Failed to execute 'postMessage' on 'DOMWindow': The target origin provided ('https://challenges.cloudflare.com') does not match the recipient window's origin ('https://mesh3d.gallery'). @ https://challenges.cloudflare.com/turnstile/v0/api.js?render=explicit:1
[  343309ms] [ERROR] Loading the script 'https://static.cloudflareinsights.com/beacon.min.js/v4bc70e2c01a94c73b74392e4234840661791215815920' violates the following Content Security Policy directive: "script-src 'self' 'unsafe-inline' https://challenges.cloudflare.com https://umami.mesh3d.gallery". Note that 'script-src-elem' was not explicitly set, so 'script-src' is used as a fallback. The action has been blocked. @ https://mesh3d.gallery/websites?page=3:0
[  343999ms] [WARNING] [Cloudflare Turnstile] Ignored message from unexpected source for event: requestExtraParams. @ https://mesh3d.gallery/_next/static/chunks/2y4lkta0t5md9.js?dpl=a23a31d148a70b047df5179a92d6c0a57b567a47:5
[  344022ms] [WARNING] Failed to execute 'postMessage' on 'DOMWindow': The target origin provided ('https://challenges.cloudflare.com') does not match the recipient window's origin ('https://mesh3d.gallery'). @ https://challenges.cloudflare.com/turnstile/v0/api.js?render=explicit:1
[  346095ms] [ERROR] Loading the script 'https://static.cloudflareinsights.com/beacon.min.js/v4bc70e2c01a94c73b74392e4234840661791215815920' violates the following Content Security Policy directive: "script-src 'self' 'unsafe-inline' https://challenges.cloudflare.com https://umami.mesh3d.gallery". Note that 'script-src-elem' was not explicitly set, so 'script-src' is used as a fallback. The action has been blocked. @ https://mesh3d.gallery/websites?page=4:0
[  346693ms] [WARNING] [Cloudflare Turnstile] Ignored message from unexpected source for event: requestExtraParams. @ https://mesh3d.gallery/_next/static/chunks/2y4lkta0t5md9.js?dpl=a23a31d148a70b047df5179a92d6c0a57b567a47:5
[  346721ms] [WARNING] Failed to execute 'postMessage' on 'DOMWindow': The target origin provided ('https://challenges.cloudflare.com') does not match the recipient window's origin ('https://mesh3d.gallery'). @ https://challenges.cloudflare.com/turnstile/v0/api.js?render=explicit:1
[  381893ms] [ERROR] Failed to load resource: the server responded with a status of 404 () @ https://external-content.duckduckgo.com/ip3/salivity.github.io.ico:0
[  382318ms] [ERROR] Failed to load resource: the server responded with a status of 404 () @ https://external-content.duckduckgo.com/ip3/troisjs.github.io.ico:0
[  382671ms] [ERROR] Failed to load resource: the server responded with a status of 404 () @ https://external-content.duckduckgo.com/ip3/cheleb.github.io.ico:0
[  383882ms] [ERROR] Failed to load resource: the server responded with a status of 404 () @ https://external-content.duckduckgo.com/ip3/salivity.github.io.ico:0
[  384405ms] [ERROR] Failed to load resource: the server responded with a status of 404 () @ https://external-content.duckduckgo.com/ip3/n8programs.com.ico:0
[  385419ms] [ERROR] Failed to load resource: the server responded with a status of 404 () @ https://external-content.duckduckgo.com/ip3/salivity.github.io.ico:0
[  385950ms] [ERROR] Failed to load resource: the server responded with a status of 404 () @ https://external-content.duckduckgo.com/ip3/neuralpixelgames.github.io.ico:0
[  417979ms] [ERROR] Failed to load resource: the server responded with a status of 404 () @ https://external-content.duckduckgo.com/ip3/salivity.github.io.ico:0
[  422996ms] [ERROR] Failed to load resource: the server responded with a status of 404 () @ https://external-content.duckduckgo.com/ip3/jadapps.app.ico:0
[  425641ms] [ERROR] Failed to load resource: the server responded with a status of 404 () @ https://external-content.duckduckgo.com/ip3/immersion-3d.com.ico:0
[  455001ms] [ERROR] Failed to load resource: the server responded with a status of 404 () @ https://external-content.duckduckgo.com/ip3/superdesign.dev.ico:0
[  455001ms] [ERROR] Failed to load resource: the server responded with a status of 404 () @ https://external-content.duckduckgo.com/ip3/tfmkit.com.ico:0
[  458344ms] [ERROR] Failed to load resource: the server responded with a status of 404 () @ https://external-content.duckduckgo.com/ip3/n8programs.com.ico:0
[  460167ms] [ERROR] Failed to load resource: the server responded with a status of 404 () @ https://external-content.duckduckgo.com/ip3/salivity.github.io.ico:0
